// Jest Snapshot v1, https://goo.gl/fbAQLP

exports[`renders learn react link 1`] = `
<DocumentFragment>
  <div
    class="App"
  >
    <header
      class="App-header"
    >
      Battle Tent
    </header>
    <div>
      LOGIN
    </div>
  </div>
</DocumentFragment>
`;
